// Jest Snapshot v1, https://goo.gl/fbAQLP

exports[`buttonPressable should render buttonPressable 1`] = `
<View
  accessible={true}
  collapsable={false}
  focusable={true}
  onBlur={[Function]}
  onClick={[Function]}
  onFocus={[Function]}
  onResponderGrant={[Function]}
  onResponderMove={[Function]}
  onResponderRelease={[Function]}
  onResponderTerminate={[Function]}
  onResponderTerminationRequest={[Function]}
  onStartShouldSetResponder={[Function]}
  style={
    Array [
      Object {},
      undefined,
    ]
  }
>
  <Text>
    ButtonPressable
  </Text>
</View>
`;
